// Jest Snapshot v1, https://goo.gl/fbAQLP

exports[`renders when passed a commit 1`] = `
<div
  className="commitCard"
>
  <h5>
    2021-05-02T18:02:30.000-05:00
  </h5>
  <h2>
    title
  </h2>
  <h5>
    com_name
  </h5>
  <h4>
    message
  </h4>
</div>
`;
